// Jest Snapshot v1, https://goo.gl/fbAQLP

exports[`should render a note-bar component 1`] = `
<div
  class="jsx-1393886092 container"
>
  <form
    class="jsx-398696813 wrapper"
  >
    <input
      class="jsx-398696813 title-input"
      id="note-title"
      name="note-title"
      placeholder="Title"
      type="text"
      value=""
    />
    <textarea
      class="jsx-1612382694 "
      id="note-content"
      name="note-content"
      placeholder="Remind me to..."
      rows="1"
      type="text"
    />
    <button
      class="filled"
      style="width: auto;"
      type="submit"
    >
      <div
        class="buttonContent"
      >
        Add proper title
      </div>
    </button>
  </form>
</div>
`;
